
https://en.wikipedia.org/wiki/History
https://en.wikipedia.org/wiki/Biology
https://en.wikipedia.org/wiki/Mathematics
https://en.wikipedia.org/wiki/Physics
https://en.wikipedia.org/wiki/Speed_of_light

http://www.perl.com/pub/2000/10/begperl1.html
https://developers.google.com/edu/python/introduction
http://www.troubleshooters.com/codecorn/ruby/basictutorial.htm
http://nineplanets.org/overview.html
http://www.universetoday.com/22285/facts-about-the-milky-way/
https://en.wikipedia.org/wiki/Milky_Way
https://en.wikipedia.org/wiki/Astronomy

http://learnyouahaskell.com/recursion
http://www.kevinboone.net/bayes.html
http://www.economictheories.org/2008/07/adam-smith-theory-of-value.html
http://www.businessspectator.com.au/article/2012/10/22/commodities/myth-money-multiplier
https://kkvv.wordpress.com/2007/10/05/separate-firefox-profiles-for-tor/
http://faculty.msb.edu/hasnasj/GTWebSite/MythWeb.htm
https://github.com/psyeugenic/eep/blob/egil/maps/eeps/eep-0043.md
http://www.victorianweb.org/science/ether.htm
http://www.brighthub.com/science/space/articles/32392.aspx
http://wfhummel.cnchost.com/bankingbasics.html
